1) RECORDING DISJOINTNESS
   recordings: 16
   in more than one split: NONE

2) WINDOW TWINNING (absolute cosine similarity)
   val vs train : max 0.8981  mean 0.5630  twins (>0.999): 0
   test vs train : max 0.8672  mean 0.5631  twins (>0.999): 0
   within train (overlapping neighbours): max 0.9027
   note: the baseline is high because every window carries the same +100 kHz
         reference tone; leakage shows up as ~1.0 similarity and twins > 0.

3) CLASS x CARRIER OFFSET
    train (12 recordings)
           -280k     -180k     +180k     +280k     total
      bpsk           1         2         2         1         6
      qpsk           1         2         2         1         6
      -> INDEPENDENT
    val (2 recordings)
           +280k     total
      bpsk           1         1
      qpsk           1         1
      -> INDEPENDENT
    test (2 recordings)
           -280k     total
      bpsk           1         1
      qpsk           1         1
      -> INDEPENDENT

4) CLASS x BURST START
    train (12 recordings)
            1024      3072      5120      7168     total
      bpsk           1         2         2         1         6
      qpsk           2         1         2         1         6
      -> DEPENDENT (dev 0.50)
    val (2 recordings)
            7168     total
      bpsk           1         1
      qpsk           1         1
      -> INDEPENDENT
    test (2 recordings)
            1024      3072     total
      bpsk           1         0         1
      qpsk           0         1         1
      -> DEPENDENT (dev 0.50)

SUMMARY
   recording leakage        : NONE
   offset independence      : full
   burst position independence: deviation 0.50

   Caveat: in splits holding a single recording per class (val/test) the
   independence of NO recording-level attribute can be demonstrated - any
   field that differs between the two recordings also appears to 'separate'
   the classes. At n=2 the contingency table is degenerate, and a deviation
   there is not evidence of leakage.
