C:\Users\Emre\Desktop\project\scripts\leakage_loraiq.py:133: DeprecationWarning: SigMFFile.DATATYPE_KEY is deprecated and will be removed in a future version, use sigmf.DATATYPE_KEY
  SigMFFile.DATATYPE_KEY: "cf32_le",
C:\Users\Emre\Desktop\project\scripts\leakage_loraiq.py:134: DeprecationWarning: SigMFFile.SAMPLE_RATE_KEY is deprecated and will be removed in a future version, use sigmf.SAMPLE_RATE_KEY
  SigMFFile.SAMPLE_RATE_KEY: rec.sample_rate,
C:\Users\Emre\Desktop\project\scripts\leakage_loraiq.py:135: DeprecationWarning: SigMFFile.VERSION_KEY is deprecated and will be removed in a future version, use sigmf.VERSION_KEY
  SigMFFile.VERSION_KEY: "1.0.0",
C:\Users\Emre\Desktop\project\scripts\leakage_loraiq.py:136: DeprecationWarning: SigMFFile.DESCRIPTION_KEY is deprecated and will be removed in a future version, use sigmf.DESCRIPTION_KEY
  SigMFFile.DESCRIPTION_KEY: f"LoRaIQ segment from {start}",
C:\Users\Emre\Desktop\project\scripts\leakage_loraiq.py:139: DeprecationWarning: SigMFFile.START_INDEX_KEY is deprecated and will be removed in a future version, use sigmf.SAMPLE_START_KEY or SigMFFile.SAMPLE_START_KEY
  capture = {SigMFFile.START_INDEX_KEY: 0}
C:\Users\Emre\Desktop\project\scripts\leakage_loraiq.py:141: DeprecationWarning: SigMFFile.FREQUENCY_KEY is deprecated and will be removed in a future version, use sigmf.FREQUENCY_KEY
  capture[SigMFFile.FREQUENCY_KEY] = rec.center_frequency
prepared 312 recordings in 15s -> C:\Users\Emre\AppData\Local\Temp\iqforge-loraiq-src-efjawudw
5 strides x 5 split x 3 train x 2 = 150 runs, 20 epochs each
  [  1/150] stride=1024 recording-level split=42 train=0  test=64.99% train=73.55%  (26s/run, 2926/854 windows, ~81 min left)
  [  2/150] stride=1024 recording-level split=42 train=1  test=64.05% train=73.41%  (23s/run, 2926/854 windows, ~69 min left)
  [  3/150] stride=1024 recording-level split=42 train=2  test=65.69% train=73.62%  (24s/run, 2926/854 windows, ~65 min left)
  [  4/150] stride=1024 window-level    split=42 train=0  test=67.87% train=71.69%  (23s/run, 2925/856 windows, ~62 min left)
  [  5/150] stride=1024 window-level    split=42 train=1  test=70.21% train=71.83%  (24s/run, 2925/856 windows, ~61 min left)
  [  6/150] stride=1024 window-level    split=42 train=2  test=66.24% train=71.79%  (24s/run, 2925/856 windows, ~60 min left)
  [  7/150] stride=1024 recording-level split=7 train=0  test=77.00% train=67.10%  (24s/run, 2590/574 windows, ~62 min left)
  [  8/150] stride=1024 recording-level split=7 train=1  test=74.56% train=66.41%  (23s/run, 2590/574 windows, ~60 min left)
  [  9/150] stride=1024 recording-level split=7 train=2  test=68.82% train=67.41%  (23s/run, 2590/574 windows, ~59 min left)
  [ 10/150] stride=1024 window-level    split=7 train=0  test=68.35% train=72.27%  (23s/run, 2589/575 windows, ~58 min left)
  [ 11/150] stride=1024 window-level    split=7 train=1  test=69.04% train=71.49%  (22s/run, 2589/575 windows, ~57 min left)
  [ 12/150] stride=1024 window-level    split=7 train=2  test=67.48% train=72.31%  (23s/run, 2589/575 windows, ~57 min left)
  [ 13/150] stride=1024 recording-level split=1234 train=0  test=55.43% train=70.91%  (22s/run, 2506/1050 windows, ~57 min left)
  [ 14/150] stride=1024 recording-level split=1234 train=1  test=54.48% train=70.15%  (22s/run, 2506/1050 windows, ~56 min left)
  [ 15/150] stride=1024 recording-level split=1234 train=2  test=72.86% train=71.15%  (22s/run, 2506/1050 windows, ~55 min left)
  [ 16/150] stride=1024 window-level    split=1234 train=0  test=69.97% train=71.80%  (22s/run, 2507/1049 windows, ~54 min left)
  [ 17/150] stride=1024 window-level    split=1234 train=1  test=67.02% train=71.20%  (21s/run, 2507/1049 windows, ~54 min left)
  [ 18/150] stride=1024 window-level    split=1234 train=2  test=69.49% train=71.68%  (22s/run, 2507/1049 windows, ~53 min left)
  [ 19/150] stride=1024 recording-level split=2026 train=0  test=66.82% train=75.41%  (20s/run, 2310/1064 windows, ~53 min left)
  [ 20/150] stride=1024 recording-level split=2026 train=1  test=66.35% train=74.59%  (20s/run, 2310/1064 windows, ~52 min left)
  [ 21/150] stride=1024 recording-level split=2026 train=2  test=68.80% train=74.72%  (20s/run, 2310/1064 windows, ~51 min left)
  [ 22/150] stride=1024 window-level    split=2026 train=0  test=71.24% train=71.52%  (20s/run, 2310/1064 windows, ~50 min left)
  [ 23/150] stride=1024 window-level    split=2026 train=1  test=70.58% train=72.38%  (19s/run, 2310/1064 windows, ~50 min left)
  [ 24/150] stride=1024 window-level    split=2026 train=2  test=70.21% train=71.08%  (20s/run, 2310/1064 windows, ~49 min left)
  [ 25/150] stride=1024 recording-level split=99 train=0  test=61.65% train=74.88%  (19s/run, 2086/910 windows, ~49 min left)
  [ 26/150] stride=1024 recording-level split=99 train=1  test=64.29% train=74.21%  (21s/run, 2086/910 windows, ~48 min left)
  [ 27/150] stride=1024 recording-level split=99 train=2  test=76.48% train=75.36%  (20s/run, 2086/910 windows, ~47 min left)
  [ 28/150] stride=1024 window-level    split=99 train=0  test=64.62% train=71.91%  (20s/run, 2086/910 windows, ~47 min left)
  [ 29/150] stride=1024 window-level    split=99 train=1  test=64.62% train=71.57%  (21s/run, 2086/910 windows, ~46 min left)
  [ 30/150] stride=1024 window-level    split=99 train=2  test=68.24% train=72.87%  (20s/run, 2086/910 windows, ~46 min left)
  [ 31/150] stride= 512 recording-level split=42 train=0  test=65.69% train=76.26%  (48s/run, 5852/1708 windows, ~47 min left)
  [ 32/150] stride= 512 recording-level split=42 train=1  test=65.46% train=75.68%  (48s/run, 5852/1708 windows, ~48 min left)
  [ 33/150] stride= 512 recording-level split=42 train=2  test=63.88% train=76.30%  (50s/run, 5852/1708 windows, ~50 min left)
  [ 34/150] stride= 512 window-level    split=42 train=0  test=72.01% train=73.55%  (49s/run, 5852/1708 windows, ~50 min left)
  [ 35/150] stride= 512 window-level    split=42 train=1  test=70.67% train=73.41%  (50s/run, 5852/1708 windows, ~51 min left)
  [ 36/150] stride= 512 window-level    split=42 train=2  test=72.83% train=74.04%  (49s/run, 5852/1708 windows, ~52 min left)
  [ 37/150] stride= 512 recording-level split=7 train=0  test=73.17% train=69.15%  (46s/run, 5180/1148 windows, ~53 min left)
  [ 38/150] stride= 512 recording-level split=7 train=1  test=76.83% train=68.65%  (47s/run, 5180/1148 windows, ~53 min left)
  [ 39/150] stride= 512 recording-level split=7 train=2  test=75.26% train=67.66%  (47s/run, 5180/1148 windows, ~54 min left)
  [ 40/150] stride= 512 window-level    split=7 train=0  test=68.41% train=73.73%  (47s/run, 5180/1149 windows, ~54 min left)
  [ 41/150] stride= 512 window-level    split=7 train=1  test=65.19% train=73.75%  (48s/run, 5180/1149 windows, ~54 min left)
  [ 42/150] stride= 512 window-level    split=7 train=2  test=72.50% train=74.05%  (47s/run, 5180/1149 windows, ~55 min left)
  [ 43/150] stride= 512 recording-level split=1234 train=0  test=68.38% train=73.46%  (43s/run, 5012/2100 windows, ~55 min left)
  [ 44/150] stride= 512 recording-level split=1234 train=1  test=41.57% train=73.96%  (44s/run, 5012/2100 windows, ~55 min left)
  [ 45/150] stride= 512 recording-level split=1234 train=2  test=64.19% train=74.08%  (43s/run, 5012/2100 windows, ~55 min left)
  [ 46/150] stride= 512 window-level    split=1234 train=0  test=71.99% train=72.73%  (43s/run, 5012/2099 windows, ~55 min left)
  [ 47/150] stride= 512 window-level    split=1234 train=1  test=66.51% train=73.30%  (43s/run, 5012/2099 windows, ~55 min left)
  [ 48/150] stride= 512 window-level    split=1234 train=2  test=71.41% train=72.81%  (43s/run, 5012/2099 windows, ~55 min left)
  [ 49/150] stride= 512 recording-level split=2026 train=0  test=68.70% train=77.94%  (41s/run, 4620/2128 windows, ~55 min left)
  [ 50/150] stride= 512 recording-level split=2026 train=1  test=65.55% train=77.32%  (42s/run, 4620/2128 windows, ~54 min left)
  [ 51/150] stride= 512 recording-level split=2026 train=2  test=67.25% train=77.64%  (42s/run, 4620/2128 windows, ~54 min left)
  [ 52/150] stride= 512 window-level    split=2026 train=0  test=72.97% train=72.81%  (43s/run, 4620/2127 windows, ~54 min left)
  [ 53/150] stride= 512 window-level    split=2026 train=1  test=72.50% train=73.07%  (42s/run, 4620/2127 windows, ~54 min left)
  [ 54/150] stride= 512 window-level    split=2026 train=2  test=69.16% train=72.84%  (42s/run, 4620/2127 windows, ~53 min left)
  [ 55/150] stride= 512 recording-level split=99 train=0  test=54.89% train=78.07%  (40s/run, 4172/1820 windows, ~53 min left)
  [ 56/150] stride= 512 recording-level split=99 train=1  test=76.15% train=76.97%  (41s/run, 4172/1820 windows, ~53 min left)
  [ 57/150] stride= 512 recording-level split=99 train=2  test=59.45% train=78.36%  (40s/run, 4172/1820 windows, ~52 min left)
  [ 58/150] stride= 512 window-level    split=99 train=0  test=64.34% train=73.54%  (41s/run, 4173/1820 windows, ~52 min left)
  [ 59/150] stride= 512 window-level    split=99 train=1  test=66.48% train=72.99%  (42s/run, 4173/1820 windows, ~52 min left)
  [ 60/150] stride= 512 window-level    split=99 train=2  test=64.62% train=73.30%  (41s/run, 4173/1820 windows, ~51 min left)
  [ 61/150] stride= 128 recording-level split=42 train=0  test=67.42% train=84.57%  (195s/run, 23408/6832 windows, ~55 min left)
  [ 62/150] stride= 128 recording-level split=42 train=1  test=65.98% train=84.34%  (196s/run, 23408/6832 windows, ~58 min left)
  [ 63/150] stride= 128 recording-level split=42 train=2  test=62.31% train=83.71%  (192s/run, 23408/6832 windows, ~61 min left)
  [ 64/150] stride= 128 window-level    split=42 train=0  test=70.99% train=78.57%  (196s/run, 23408/6832 windows, ~64 min left)
  [ 65/150] stride= 128 window-level    split=42 train=1  test=80.21% train=79.02%  (186s/run, 23408/6832 windows, ~66 min left)
  [ 66/150] stride= 128 window-level    split=42 train=2  test=77.50% train=78.25%  (503s/run, 23408/6832 windows, ~75 min left)
  [ 67/150] stride= 128 recording-level split=7 train=0  test=42.38% train=79.13%  (142s/run, 20720/4592 windows, ~76 min left)
  [ 68/150] stride= 128 recording-level split=7 train=1  test=75.07% train=78.33%  (144s/run, 20720/4592 windows, ~77 min left)
  [ 69/150] stride= 128 recording-level split=7 train=2  test=77.74% train=80.24%  (144s/run, 20720/4592 windows, ~78 min left)
  [ 70/150] stride= 128 window-level    split=7 train=0  test=80.05% train=78.06%  (147s/run, 20720/4591 windows, ~78 min left)
  [ 71/150] stride= 128 window-level    split=7 train=1  test=77.41% train=78.01%  (146s/run, 20720/4591 windows, ~79 min left)
  [ 72/150] stride= 128 window-level    split=7 train=2  test=71.73% train=77.32%  (141s/run, 20720/4591 windows, ~79 min left)
  [ 73/150] stride= 128 recording-level split=1234 train=0  test=61.24% train=84.11%  (129s/run, 20048/8400 windows, ~80 min left)
  [ 74/150] stride= 128 recording-level split=1234 train=1  test=59.61% train=84.33%  (132s/run, 20048/8400 windows, ~80 min left)
  [ 75/150] stride= 128 recording-level split=1234 train=2  test=47.29% train=84.53%  (154s/run, 20048/8400 windows, ~80 min left)
  [ 76/150] stride= 128 window-level    split=1234 train=0  test=77.29% train=77.25%  (148s/run, 20048/8400 windows, ~81 min left)
  [ 77/150] stride= 128 window-level    split=1234 train=1  test=76.68% train=78.63%  (135s/run, 20048/8400 windows, ~81 min left)
  [ 78/150] stride= 128 window-level    split=1234 train=2  test=64.18% train=76.94%  (134s/run, 20048/8400 windows, ~81 min left)
  [ 79/150] stride= 128 recording-level split=2026 train=0  test=68.50% train=88.40%  (127s/run, 18480/8512 windows, ~80 min left)
  [ 80/150] stride= 128 recording-level split=2026 train=1  test=61.03% train=89.22%  (126s/run, 18480/8512 windows, ~80 min left)
  [ 81/150] stride= 128 recording-level split=2026 train=2  test=62.64% train=88.06%  (125s/run, 18480/8512 windows, ~80 min left)
  [ 82/150] stride= 128 window-level    split=2026 train=0  test=69.44% train=77.63%  (126s/run, 18480/8512 windows, ~79 min left)
  [ 83/150] stride= 128 window-level    split=2026 train=1  test=72.06% train=78.11%  (127s/run, 18480/8512 windows, ~79 min left)
  [ 84/150] stride= 128 window-level    split=2026 train=2  test=70.48% train=77.49%  (131s/run, 18480/8512 windows, ~79 min left)
  [ 85/150] stride= 128 recording-level split=99 train=0  test=71.96% train=88.71%  (124s/run, 16688/7280 windows, ~78 min left)
  [ 86/150] stride= 128 recording-level split=99 train=1  test=77.55% train=88.79%  (120s/run, 16688/7280 windows, ~78 min left)
  [ 87/150] stride= 128 recording-level split=99 train=2  test=66.88% train=89.20%  (121s/run, 16688/7280 windows, ~77 min left)
  [ 88/150] stride= 128 window-level    split=99 train=0  test=77.16% train=76.98%  (125s/run, 16688/7280 windows, ~76 min left)
  [ 89/150] stride= 128 window-level    split=99 train=1  test=75.59% train=77.53%  (124s/run, 16688/7280 windows, ~76 min left)
  [ 90/150] stride= 128 window-level    split=99 train=2  test=71.00% train=77.41%  (126s/run, 16688/7280 windows, ~75 min left)
  [ 91/150] stride= 768 recording-level split=42 train=0  test=65.92% train=72.58%  (26s/run, 3971/1159 windows, ~73 min left)
  [ 92/150] stride= 768 recording-level split=42 train=1  test=65.31% train=73.96%  (26s/run, 3971/1159 windows, ~72 min left)
  [ 93/150] stride= 768 recording-level split=42 train=2  test=62.47% train=73.38%  (25s/run, 3971/1159 windows, ~70 min left)
  [ 94/150] stride= 768 window-level    split=42 train=0  test=63.42% train=72.05%  (25s/run, 3971/1159 windows, ~68 min left)
  [ 95/150] stride= 768 window-level    split=42 train=1  test=69.89% train=71.57%  (30s/run, 3971/1159 windows, ~66 min left)
  [ 96/150] stride= 768 window-level    split=42 train=2  test=70.92% train=71.44%  (25s/run, 3971/1159 windows, ~65 min left)
  [ 97/150] stride= 768 recording-level split=7 train=0  test=73.56% train=67.37%  (24s/run, 3515/779 windows, ~63 min left)
  [ 98/150] stride= 768 recording-level split=7 train=1  test=75.22% train=67.37%  (24s/run, 3515/779 windows, ~62 min left)
  [ 99/150] stride= 768 recording-level split=7 train=2  test=74.33% train=67.45%  (24s/run, 3515/779 windows, ~60 min left)
  [100/150] stride= 768 window-level    split=7 train=0  test=70.22% train=72.43%  (24s/run, 3515/779 windows, ~58 min left)
  [101/150] stride= 768 window-level    split=7 train=1  test=64.70% train=71.66%  (24s/run, 3515/779 windows, ~57 min left)
  [102/150] stride= 768 window-level    split=7 train=2  test=64.06% train=72.75%  (24s/run, 3515/779 windows, ~55 min left)
  [103/150] stride= 768 recording-level split=1234 train=0  test=63.79% train=72.13%  (23s/run, 3401/1425 windows, ~54 min left)
  [104/150] stride= 768 recording-level split=1234 train=1  test=54.53% train=72.04%  (23s/run, 3401/1425 windows, ~52 min left)
  [105/150] stride= 768 recording-level split=1234 train=2  test=47.65% train=72.18%  (22s/run, 3401/1425 windows, ~51 min left)
  [106/150] stride= 768 window-level    split=1234 train=0  test=63.55% train=72.33%  (23s/run, 3401/1424 windows, ~50 min left)
  [107/150] stride= 768 window-level    split=1234 train=1  test=66.92% train=71.57%  (23s/run, 3401/1424 windows, ~48 min left)
  [108/150] stride= 768 window-level    split=1234 train=2  test=64.47% train=72.68%  (23s/run, 3401/1424 windows, ~47 min left)
  [109/150] stride= 768 recording-level split=2026 train=0  test=68.42% train=76.30%  (22s/run, 3135/1444 windows, ~45 min left)
  [110/150] stride= 768 recording-level split=2026 train=1  test=65.79% train=75.25%  (22s/run, 3135/1444 windows, ~44 min left)
  [111/150] stride= 768 recording-level split=2026 train=2  test=65.65% train=75.66%  (23s/run, 3135/1444 windows, ~43 min left)
  [112/150] stride= 768 window-level    split=2026 train=0  test=66.04% train=71.61%  (23s/run, 3135/1443 windows, ~41 min left)
  [113/150] stride= 768 window-level    split=2026 train=1  test=70.13% train=72.31%  (22s/run, 3135/1443 windows, ~40 min left)
  [114/150] stride= 768 window-level    split=2026 train=2  test=70.76% train=73.24%  (21s/run, 3135/1443 windows, ~39 min left)
  [115/150] stride= 768 recording-level split=99 train=0  test=80.16% train=75.34%  (21s/run, 2831/1235 windows, ~37 min left)
  [116/150] stride= 768 recording-level split=99 train=1  test=81.70% train=76.86%  (21s/run, 2831/1235 windows, ~36 min left)
  [117/150] stride= 768 recording-level split=99 train=2  test=72.31% train=75.91%  (21s/run, 2831/1235 windows, ~35 min left)
  [118/150] stride= 768 window-level    split=99 train=0  test=67.53% train=71.82%  (21s/run, 2832/1235 windows, ~34 min left)
  [119/150] stride= 768 window-level    split=99 train=1  test=70.28% train=71.50%  (22s/run, 2832/1235 windows, ~32 min left)
  [120/150] stride= 768 window-level    split=99 train=2  test=67.29% train=72.03%  (22s/run, 2832/1235 windows, ~31 min left)
  [121/150] stride= 256 recording-level split=42 train=0  test=66.22% train=78.44%  (79s/run, 11704/3416 windows, ~30 min left)
  [122/150] stride= 256 recording-level split=42 train=1  test=62.91% train=80.08%  (79s/run, 11704/3416 windows, ~29 min left)
  [123/150] stride= 256 recording-level split=42 train=2  test=67.83% train=79.23%  (79s/run, 11704/3416 windows, ~28 min left)
  [124/150] stride= 256 window-level    split=42 train=0  test=71.07% train=75.21%  (78s/run, 11704/3415 windows, ~27 min left)
  [125/150] stride= 256 window-level    split=42 train=1  test=72.97% train=75.74%  (78s/run, 11704/3415 windows, ~26 min left)
  [126/150] stride= 256 window-level    split=42 train=2  test=60.23% train=75.41%  (72s/run, 11704/3415 windows, ~25 min left)
  [127/150] stride= 256 recording-level split=7 train=0  test=77.70% train=74.44%  (68s/run, 10360/2296 windows, ~24 min left)
  [128/150] stride= 256 recording-level split=7 train=1  test=73.04% train=73.69%  (68s/run, 10360/2296 windows, ~23 min left)
  [129/150] stride= 256 recording-level split=7 train=2  test=75.83% train=72.69%  (68s/run, 10360/2296 windows, ~22 min left)
  [130/150] stride= 256 window-level    split=7 train=0  test=73.16% train=75.13%  (68s/run, 10361/2295 windows, ~21 min left)
  [131/150] stride= 256 window-level    split=7 train=1  test=68.80% train=75.54%  (71s/run, 10361/2295 windows, ~20 min left)
  [132/150] stride= 256 window-level    split=7 train=2  test=71.42% train=76.06%  (70s/run, 10361/2295 windows, ~19 min left)
  [133/150] stride= 256 recording-level split=1234 train=0  test=60.81% train=79.40%  (64s/run, 10024/4200 windows, ~18 min left)
  [134/150] stride= 256 recording-level split=1234 train=1  test=63.88% train=78.95%  (63s/run, 10024/4200 windows, ~17 min left)
  [135/150] stride= 256 recording-level split=1234 train=2  test=72.33% train=77.95%  (63s/run, 10024/4200 windows, ~16 min left)
  [136/150] stride= 256 window-level    split=1234 train=0  test=74.55% train=75.43%  (64s/run, 10023/4201 windows, ~15 min left)
  [137/150] stride= 256 window-level    split=1234 train=1  test=61.63% train=75.45%  (64s/run, 10023/4201 windows, ~14 min left)
  [138/150] stride= 256 window-level    split=1234 train=2  test=71.08% train=75.31%  (68s/run, 10023/4201 windows, ~13 min left)
  [139/150] stride= 256 recording-level split=2026 train=0  test=65.01% train=83.21%  (63s/run, 9240/4256 windows, ~12 min left)
  [140/150] stride= 256 recording-level split=2026 train=1  test=66.64% train=84.38%  (20038s/run, 9240/4256 windows, ~34 min left)
  [141/150] stride= 256 recording-level split=2026 train=2  test=67.25% train=82.55%  (81s/run, 9240/4256 windows, ~31 min left)
  [142/150] stride= 256 window-level    split=2026 train=0  test=63.41% train=74.45%  (81s/run, 9241/4255 windows, ~27 min left)
  [143/150] stride= 256 window-level    split=2026 train=1  test=64.56% train=75.24%  (81s/run, 9241/4255 windows, ~24 min left)
  [144/150] stride= 256 window-level    split=2026 train=2  test=74.97% train=75.24%  (81s/run, 9241/4255 windows, ~20 min left)
  [145/150] stride= 256 recording-level split=99 train=0  test=65.69% train=83.38%  (78s/run, 8344/3640 windows, ~17 min left)
  [146/150] stride= 256 recording-level split=99 train=1  test=80.58% train=84.17%  (78s/run, 8344/3640 windows, ~13 min left)
  [147/150] stride= 256 recording-level split=99 train=2  test=72.83% train=83.72%  (79s/run, 8344/3640 windows, ~10 min left)
  [148/150] stride= 256 window-level    split=99 train=0  test=64.67% train=74.29%  (79s/run, 8344/3640 windows, ~7 min left)
  [149/150] stride= 256 window-level    split=99 train=1  test=69.29% train=74.95%  (78s/run, 8344/3640 windows, ~3 min left)
  [150/150] stride= 256 window-level    split=99 train=2  test=70.52% train=74.96%  (76s/run, 8344/3640 windows, ~0 min left)

total wall time 494.9 min for 150 runs

| stride | overlap | windows/rec | recording-level | window-level | inflation (paired) | n |
|---|---|---|---|---|---|---|
| 1024 | 0% | 14 | 66.8% ± 6.7% | 68.3% ± 2.1% | **+1.5 pp** ± 1.7 | 15 |
| 768 | 25% | 19 | 67.8% ± 9.0% | 67.3% ± 2.8% | **-0.4 pp** ± 2.3 | 15 |
| 512 | 50% | 28 | 65.8% ± 9.0% | 69.4% ± 3.2% | **+3.7 pp** ± 2.3 | 15 |
| 256 | 75% | 56 | 69.2% ± 5.8% | 68.8% ± 4.8% | **-0.4 pp** ± 1.7 | 15 |
| 128 | 88% | 112 | 64.5% ± 10.0% | 74.1% ± 4.5% | **+9.6 pp** ± 2.7 | 15 |

LoRaIQ, class = propagation environment (drone_los, drone_nlos, pedestrian_partial_los, pedestrian_nlos, indoor), 312 recordings over 13 capture sessions, grouped by transmission id so simultaneous receptions stay in one split. Window fixed at 1024 samples over a 15244-sample segment centred on each frame; no noise added. Overlap is the only thing that moves between rows. Inflation is the mean paired difference ± its standard error.

wrote leakage_loraiq_runs.json and leakage_loraiq_table.md
